
TIME: 2026-05-24 14:43:38.237485
IP: 127.0.0.1
USERNAME: abc
PASSWORD: abc
USER-AGENT: Mozilla/5.0 (Windows NT 10.0; Win64; x64) AppleWebKit/537.36 (KHTML, like Gecko) Code/1.121.0 Chrome/142.0.7444.265 Electron/39.8.8 Safari/537.36
============================================================

============================================================
TIME: 2026-05-24 14:50:31.459576

IP ADDRESS: 127.0.0.1

USERNAME: bcf
PASSWORD: dcf

BROWSER: Chrome
OPERATING SYSTEM: Windows
DEVICE: Other

COUNTRY: Unknown
CITY: Unknown
ORGANIZATION: Unknown

REFERRER: http://127.0.0.1:5000/

USER-AGENT:
Mozilla/5.0 (Windows NT 10.0; Win64; x64) AppleWebKit/537.36 (KHTML, like Gecko) Chrome/148.0.0.0 Safari/537.36
============================================================


============================================================
TIME: 2026-05-24 14:54:48.705959

IP ADDRESS: 127.0.0.1

USERNAME: admin
PASSWORD: admin123

BROWSER: Chrome
OPERATING SYSTEM: Windows
DEVICE: Other

COUNTRY: Unknown
CITY: Unknown
ORGANIZATION: Unknown

REFERRER: http://127.0.0.1:5000/

USER-AGENT:
Mozilla/5.0 (Windows NT 10.0; Win64; x64) AppleWebKit/537.36 (KHTML, like Gecko) Chrome/148.0.0.0 Safari/537.36
============================================================


============================================================
TIME: 2026-05-24 14:58:16.926331

IP ADDRESS: 127.0.0.1

USERNAME: admin
PASSWORD: admin124

BROWSER: Chrome
OPERATING SYSTEM: Windows
DEVICE: Other

COUNTRY: Unknown
CITY: Unknown
ORGANIZATION: Unknown

REFERRER: http://127.0.0.1:5000/

USER-AGENT:
Mozilla/5.0 (Windows NT 10.0; Win64; x64) AppleWebKit/537.36 (KHTML, like Gecko) Chrome/148.0.0.0 Safari/537.36
============================================================


============================================================
TIME: 2026-05-24 15:05:14.841325

IP ADDRESS: 127.0.0.1

USERNAME: abccc
PASSWORD: abc123

BROWSER: Chrome
OPERATING SYSTEM: Windows
DEVICE: Other

COUNTRY: Unknown
CITY: Unknown
ORGANIZATION: Unknown

REFERRER: http://127.0.0.1:5000/

USER-AGENT:
Mozilla/5.0 (Windows NT 10.0; Win64; x64) AppleWebKit/537.36 (KHTML, like Gecko) Chrome/148.0.0.0 Safari/537.36
============================================================

